
User dropped.


User created.


Grant succeeded.

====inicio===========
creamos la tabla indicando tablespace ****NUEVO

Table created.


Table created.

====================================================================
Creamos las PKs (Primary Key) Lo correcto (cuando creamos script inicial)

Table altered.


Table altered.

====================================================================
Creamos el FK  (id); opcional

Table altered.

====================================================================
Creamos una secuencia

Sequence created.


Sequence created.

Insertamos Departamentos VERSION C

1 row created.


1 row created.


1 row created.

insertamos registros (con secuencia)

1 row created.


1 row created.


1 row created.


Commit complete.

=========reglas aplican para UPDATE!!
set    id_depto = null
       *
ERROR at line 2:
ORA-01407: cannot update ("BASES1"."EMPLEADOS"."ID_DEPTO") to NULL 
Help: https://docs.oracle.com/error-help/db/ora-01407/ 



Commit complete.

Consultar Tablas

        ID NOMBRE       ID_DEPTO    SALARIO                                     
---------- ---------- ---------- ----------                                     
         1 Ana                 2       1500                                     
         2 Juan                1       1400                                     
         3 Lucia               2       1800                                     

3 rows selected.


        ID NOMBRE                                                               
---------- ----------                                                           
         1 Ventas                                                               
         2 Compras                                                              
         3 Mercadeo                                                             

3 rows selected.

====fin===========
