
User dropped.


User created.


Grant succeeded.

====inicio===========
creamos la tabla indicando tablespace ****NUEVO

Table created.


Table created.

====================================================================
Creamos las PKs (Primary Key) Lo correcto (cuando creamos script inicial)

Table altered.


Table altered.

====================================================================
Creamos el FK  (id); opcional

Table altered.

====================================================================
Creamos el CK (Ck=Check COnstraint)

Table altered.

=================================================================

Table altered.

Creamos una secuencia

Sequence created.


Sequence created.

Insertamos Departamentos VERSION C

1 row created.


1 row created.


1 row created.

insertamos registros (con secuencia)

1 row created.


1 row created.


1 row created.


Commit complete.

=========reglas aplican para UPDATE!!

1 row updated.


Commit complete.

Actualizar Fecha

3 rows updated.


1 row updated.


1 row updated.


Commit complete.

Consultar tablas

        ID NOMBRE       ID_DEPTO    SALARIO EST_CIVIL                           
---------- ---------- ---------- ---------- ------------                        
         1 Ana                 3       1500 Casado                              
         2 Juan                1       1400 Casado                              
         3 Lucia               2       1800                                     

3 rows selected.


        ID NOMBRE     FEC_INICI                                                 
---------- ---------- ---------                                                 
         1 Ventas     27-FEB-26                                                 
         2 Compras    27-FEB-26                                                 
         3 Mercadeo   27-FEB-26                                                 

3 rows selected.

====fin===========
