=======================================
Ejemplo de FK reflexivo sobre la misma tabla.

User dropped.


User created.


Grant succeeded.

====inicio===========

Table created.

alter table empleados add constraint empleados_fk foreign key(id_jefe) references empleados
                                                                                  *
ERROR at line 1:
ORA-02268: referenced table does not have a primary key 
Help: https://docs.oracle.com/error-help/db/ora-02268/ 



1 row created.


1 row created.


1 row created.


1 row created.


Commit complete.


        ID NOMBRE        ID_JEFE                                                
---------- ---------- ----------                                                
         1 Juan                                                                 
         2 Ana                 1                                                
         3 Sonia               1                                                
         4 Pedro               5                                                

4 rows selected.


        ID NOMBRE        ID_JEFE                                                
---------- ---------- ----------                                                
         1 Juan                                                                 
         2 Ana                 1                                                
         3 Sonia               1                                                
         4 Pedro               5                                                

4 rows selected.

====fin===========
