=======================================
Ejemplo de FK reflexivo sobre la misma tabla.

User dropped.


User created.


Grant succeeded.

====inicio===========

Table created.


Table created.


Table altered.


Table altered.


Table altered.


Table altered.


1 row created.


1 row created.


1 row created.


1 row created.


1 row created.


1 row created.


1 row created.


1 row created.


1 row created.


1 row created.


1 row created.


Commit complete.


1 row created.


1 row created.


1 row created.


1 row created.


1 row created.

actualizar fecha

5 rows updated.


        ID NOMBRE                         ID_CAT_PAD                                                                                                  
---------- ------------------------------ ----------                                                                                                  
         1 Herramientas Electricas                                                                                                                    
         2 Herramientas Manuales                                                                                                                      
         3 Taladros                                1                                                                                                  
         4 De baterias                             3                                                                                                  
         5 Destornilladores                        2                                                                                                  
         6 Planos                                  5                                                                                                  
         7 Phillips                                5                                                                                                  
         8 Llantas                                                                                                                                    
         9 Llantas para moto                       8                                                                                                  
        10 Llantas para automovil                  8                                                                                                  
       102 Rep. Autos Electricos                                                                                                                      

11 rows selected.


        ID NOMBRE                                                 PRECIO     ID_CAT ESTADO     FEC_ULT_C INVENTARIO                                   
---------- -------------------------------------------------- ---------- ---------- ---------- --------- ----------                                   
       100 Destorn. Phillips LOS PATITOS                            1000          7 Activ      06-MAR-26          0                                   
       101 Destorn. Phillips SUPERIOR                               1500          7 Activ      06-MAR-26          0                                   
       102 Taladro de Baterias SUPERIOR                            34500          4 Desco      06-MAR-26          0                                   
       103 Taladro Industrial LOS PATITOS                          78000          3 Desco      06-MAR-26          0                                   
       104 Cobro de Flete GAM                                       5000            Activ      06-MAR-26          0                                   

5 rows selected.

====inicio===========
====fin===========
