=======================================
Ejemplo de FK reflexivo sobre la misma tabla.

User dropped.


User created.


Grant succeeded.

====inicio===========

Table created.


Table altered.


Table altered.


1 row created.


1 row created.


1 row created.


1 row created.


1 row created.


1 row created.


1 row created.


1 row created.


Commit complete.


        ID NOMBRE        ID_JEFE                                                                                                                      
---------- ---------- ----------                                                                                                                      
         1 Juan                                                                                                                                       
         2 Ana                 1                                                                                                                      
         3 Sonia               1                                                                                                                      
         4 Pedro               3                                                                                                                      
         5 Mateo               3                                                                                                                      
         6 Marcos              1                                                                                                                      
         7 Lucas               1                                                                                                                      
         8 Maria               1                                                                                                                      

8 rows selected.

==== REM_EMP_DE_SONIA

View created.

==== REM_EMP_DE_SONIA

View created.

==== LISTAS

        ID NOMBRE                                                                                                                                     
---------- ----------                                                                                                                                 
         4 Pedro                                                                                                                                      
         5 Mateo                                                                                                                                      

2 rows selected.


        ID NOMBRE                                                                                                                                     
---------- ----------                                                                                                                                 
         2 ANA                                                                                                                                        
         3 SONIA                                                                                                                                      
         6 MARCOS                                                                                                                                     
         7 LUCAS                                                                                                                                      
         8 MARIA                                                                                                                                      

5 rows selected.


2 rows updated.


        ID NOMBRE                                                                                                                                     
---------- ----------                                                                                                                                 
         4 Pedro                                                                                                                                      
         5 Mateo                                                                                                                                      
         7 Lucas                                                                                                                                      
         8 Maria                                                                                                                                      

4 rows selected.


        ID NOMBRE                                                                                                                                     
---------- ----------                                                                                                                                 
         2 ANA                                                                                                                                        
         3 SONIA                                                                                                                                      
         6 MARCOS                                                                                                                                     

3 rows selected.

====fin===========
