=======================================
Tarea 02

User dropped.


User created.


Grant succeeded.

====Conectar con bases| ===========
======== Crear Tablas ====

Table created.


Table created.

======== PKs ====

Table altered.


Table altered.

======== FKs ====

Table altered.

======== CKs ====

Table altered.

======== Secs ====

Sequence created.


Sequence created.

======== Inserts tipos ====

1 row created.


1 row created.


1 row created.


1 row created.

======== Inserts codigos ====

1 row created.


1 row created.


1 row created.


1 row created.


1 row created.


1 row created.


1 row created.


1 row created.


1 row created.


1 row created.


1 row created.


1 row created.


1 row created.


1 row created.


1 row created.


1 row created.


1 row created.

======== Tablas Normales ====

        ID NOMBRE               FEC_CREA                                                                                                              
---------- -------------------- ---------                                                                                                             
         1 Provincias           10-MAR-26                                                                                                             
         2 Estados para Activos 10-MAR-26                                                                                                             
         3 Estado Civil         10-MAR-26                                                                                                             
         4 Cond. Clima          10-MAR-26                                                                                                             

4 rows selected.


        ID    ID_TIPO DESPLIEGUE           TIP VALOR                FEC_CREA                                                                          
---------- ---------- -------------------- --- -------------------- ---------                                                                         
      1001          1 San Jose             Num 1                    10-MAR-26                                                                         
      1002          1 Alajuela             Num 2                    10-MAR-26                                                                         
      1003          1 Cartago              Num 3                    10-MAR-26                                                                         
      1004          1 Heredia              Num 4                    10-MAR-26                                                                         
      1005          1 Guanacaste           Num 5                    10-MAR-26                                                                         
      1006          1 Puntarenas           Num 6                    10-MAR-26                                                                         
      1007          1 Limon                Num 7                    10-MAR-26                                                                         
      1008          2 En Uso               TxT En Uso               10-MAR-26                                                                         
      1009          2 Desechado            TxT Desechado            10-MAR-26                                                                         
      1010          2 Disponible           TxT Disponible           10-MAR-26                                                                         
      1011          3 Soltero              Num 10                   10-MAR-26                                                                         
      1012          3 Casado               Num 11                   10-MAR-26                                                                         
      1013          3 Viudo                Num 12                   10-MAR-26                                                                         
      1014          3 Divorciado           Num 13                   10-MAR-26                                                                         
      1015          4 Caliente             TxT Caliente             10-MAR-26                                                                         
      1016          4 Tormenta             TxT Tormenta             10-MAR-26                                                                         
      1017          4 Llovizna             TxT Llovizna             10-MAR-26                                                                         

17 rows selected.

======== Provincias ====

View created.


        ID    ID_TIPO DESPLIEGUE           TIP VALOR                FEC_CREA                                                                          
---------- ---------- -------------------- --- -------------------- ---------                                                                         
      1001          1 San Jose             Num 1                    10-MAR-26                                                                         
      1002          1 Alajuela             Num 2                    10-MAR-26                                                                         
      1003          1 Cartago              Num 3                    10-MAR-26                                                                         
      1004          1 Heredia              Num 4                    10-MAR-26                                                                         
      1005          1 Guanacaste           Num 5                    10-MAR-26                                                                         
      1006          1 Puntarenas           Num 6                    10-MAR-26                                                                         
      1007          1 Limon                Num 7                    10-MAR-26                                                                         

7 rows selected.

======== Estados para Activos ====

View created.


        ID    ID_TIPO DESPLIEGUE           TIP VALOR                FEC_CREA                                                                          
---------- ---------- -------------------- --- -------------------- ---------                                                                         
      1008          2 En Uso               TxT En Uso               10-MAR-26                                                                         
      1009          2 Desechado            TxT Desechado            10-MAR-26                                                                         
      1010          2 Disponible           TxT Disponible           10-MAR-26                                                                         

3 rows selected.

======== Estado Civil ====

View created.


        ID    ID_TIPO DESPLIEGUE           TIP VALOR                FEC_CREA                                                                          
---------- ---------- -------------------- --- -------------------- ---------                                                                         
      1011          3 Soltero              Num 10                   10-MAR-26                                                                         
      1012          3 Casado               Num 11                   10-MAR-26                                                                         
      1013          3 Viudo                Num 12                   10-MAR-26                                                                         
      1014          3 Divorciado           Num 13                   10-MAR-26                                                                         

4 rows selected.

======== Clima ====

View created.


        ID    ID_TIPO DESPLIEGUE           TIP VALOR                FEC_CREA                                                                          
---------- ---------- -------------------- --- -------------------- ---------                                                                         
      1015          4 Caliente             TxT Caliente             10-MAR-26                                                                         
      1016          4 Tormenta             TxT Tormenta             10-MAR-26                                                                         
      1017          4 Llovizna             TxT Llovizna             10-MAR-26                                                                         

3 rows selected.

Tarea 02
====fin===========
