
User dropped.


User created.


Grant succeeded.


Table created.


Table created.


Table created.


Table altered.


Table altered.


Table altered.


Table altered.


Table altered.


Table altered.


Table altered.


Sequence created.


Sequence created.


Sequence created.


1 row created.


1 row created.


1 row created.


1 row created.


1 row created.


1 row created.


1 row created.


1 row created.


1 row created.


3 rows updated.


        ID NOMBRE                                             ID_SUPERVISOR                                                                                                                                                                               
---------- -------------------------------------------------- -------------                                                                                                                                                                               
         1 Maria                                                                                                                                                                                                                                          
         2 Juan                                                           1                                                                                                                                                                               
         3 Ana                                                            1                                                                                                                                                                               

3 rows selected.


        ID NOMBRE                                                                                                                                                                                                                                         
---------- --------------------------------------------------                                                                                                                                                                                             
         1 Tecnologia                                                                                                                                                                                                                                     
         2 Hogar                                                                                                                                                                                                                                          
         3 Cocina                                                                                                                                                                                                                                         

3 rows selected.


        ID PRODUCTO                                           ID_PERSONA ID_CATEGORIA REGISTRO                                                                                                                                                            
---------- -------------------------------------------------- ---------- ------------ ---------                                                                                                                                                           
         1 Laptop                                                      1            1 20-MAR-26                                                                                                                                                           
         2 Silla                                                       2            2 20-MAR-26                                                                                                                                                           
         3 Cuchillo                                                    3            2 20-MAR-26                                                                                                                                                           

3 rows selected.


View created.


View created.


View created.


NOMBRE_PRODUCTO                                    NOMBRE_CATEGORIA                                                                                                                                                                                       
-------------------------------------------------- --------------------------------------------------                                                                                                                                                     
Laptop                                             Tecnologia                                                                                                                                                                                             
Silla                                              Hogar                                                                                                                                                                                                  
Cuchillo                                           Hogar                                                                                                                                                                                                  

3 rows selected.


SUPERVISOR                                         EMPLEADO                                                                                                                                                                                               
-------------------------------------------------- --------------------------------------------------                                                                                                                                                     
Maria                                              Juan                                                                                                                                                                                                   
Maria                                              Ana                                                                                                                                                                                                    

2 rows selected.


NOMBRE_PRODUCTO                                    NOMBRE_EMPLEADO                                                                                                                                                                                        
-------------------------------------------------- --------------------------------------------------                                                                                                                                                     
Laptop                                             Maria                                                                                                                                                                                                  
Silla                                              Juan                                                                                                                                                                                                   
Cuchillo                                           Ana                                                                                                                                                                                                    

3 rows selected.


View created.


PRODUCTO                                           CATEGORIA                                          EMPLEADO                                           SUPERVISOR                                                                                       
-------------------------------------------------- -------------------------------------------------- -------------------------------------------------- --------------------------------------------------                                               
Silla                                              Hogar                                              Juan                                               Maria                                                                                            
Cuchillo                                           Hogar                                              Ana                                                Maria                                                                                            

2 rows selected.

