=======================================
Conjuntos
====Conectar con bases1===========
======Union

DEPARTMENT_ID
-------------
           90
           60
          100
           30
           50
           80

           10
           20
           40
           70
          110
          120
          130
          140
          150
          160
          170
          180
          190
          200
          210
          220
          230
          240
          250
          260
          270

28 rows selected.

======Interseccion

DEPARTMENT_ID
-------------
           10
           20
           30
           40
           50
           60
           70
           80
           90
          100
          110

11 rows selected.

======Resta (EXCEPT en postgres)

DEPARTMENT_ID
-------------
          120
          130
          140
          150
          160
          170
          180
          190
          200
          210
          220
          230
          240
          250
          260
          270

16 rows selected.


COUNT(DEPARTMENT_ID)
--------------------
                  27

1 row selected.

====fin===========
