
User dropped.


User created.


Grant succeeded.

====inicio===========
creamos la tabla indicando tablespace ****NUEVO

Table created.


Table created.

Creamos la PK departamentos

Table altered.

Creamos la PK (Primary Key) Lo correcto (cuando creamos script inicial)

Table altered.

=================================================
Creamos el FK

Table altered.

Creamos una secuencia

Sequence created.


Sequence created.

insertamos departamentos

1 row created.


1 row created.


1 row created.

insertamos registros (con secuencia)

1 row created.


1 row created.


1 row created.


Commit complete.

update empleados set id_depto = null WHERE id = 1
                     *
ERROR at line 1:
ORA-01407: cannot update ("BASES1"."EMPLEADOS"."ID_DEPTO") to NULL 
Help: https://docs.oracle.com/error-help/db/ora-01407/ 


Consultar Tabla

        ID NOMBRE       ID_DEPTO    SALARIO                                     
---------- ---------- ---------- ----------                                     
         1 Ana                 1       1500                                     
         2 Juan                2       1400                                     
         3 Lucia               1       1800                                     

3 rows selected.


        ID NOMBRE                                                               
---------- ----------                                                           
         1 Ventas                                                               
         2 Compras                                                              
         3 Mercado                                                              

3 rows selected.

====fin===========
