
User dropped.


User created.


Grant succeeded.

====inicio===========
creamos la tabla indicando tablespace

Table created.

Creamos la PK (Primary Key) Lo correcto (cuando creamos script inicial)

Table altered.

Creamos una secuencia

Sequence created.

insertamos registros (con secuencia)

1 row created.


1 row created.


1 row created.


Commit complete.

Consultar Tabla

        ID NOMBRE        SALARIO                                                
---------- ---------- ----------                                                
         1 Ana              1500                                                
         2 Juan             1400                                                
         3 Lucia            1800                                                

3 rows selected.

====fin===========
